// Jest Snapshot v1, https://goo.gl/fbAQLP

exports[`<App /> should render and match the snapshot 1`] = `
<BrowserRouter>
  <Helmet
    defaultTitle="Dribble web portal"
    defer={true}
    encodeSpecialCharacters={true}
    htmlAttributes={
      Object {
        "lang": undefined,
      }
    }
    prioritizeSeoTags={false}
    titleTemplate="%s - Dribble web portal"
  >
    <meta
      content="A dribble web portal application"
      name="description"
    />
  </Helmet>
  <Routes>
    <Route
      element={<Unknown />}
      path="/"
    />
    <Route
      element={<Unknown />}
      path="*"
    />
  </Routes>
  <Memo(l) />
</BrowserRouter>
`;
